1175 runs, 28 cells; stage A scored 1174
stage B: 8654 ordered comparisons

stage A within-cell Spearman: median +0.818, range +0.061..+0.946 over 28 cells
  its absolute accuracy guess is off by 0.062 on average (n=1174) -- ranking is the usable part, not calibration
  pairwise accuracy on the 7753 non-tied comparisons stage B was asked, by how far apart the runs really scored:
        true gap      n   stage B   stage A
      under 0.02   1468     59.1%     56.6%
       0.02-0.05   2153     71.2%     70.8%
       0.05-0.15   2218     85.2%     80.7%
       over 0.15   1914     95.7%     94.6%
             all   7753     79.0%     76.8%

=== full cell: 28 sets in 28 cells, median size 44, median spread 0.655, family table constant on 0% of sets ===
           arm  regret@3           95% CI  solved@3  regret@1           tie-break
        random    0.1307 [0.0903,0.1756]    11.4%    0.2640                 n/a
   agent table    0.0070 [0.0019,0.0138]    78.6%    0.0480         0.0091 p 22
   21 features    0.0242 [0.0134,0.0359]    50.0%    0.0678                none
   self-report    0.1126 [0.0608,0.1719]    17.9%    0.1748         0.1047 p 90
       stage A    0.0081 [0.0027,0.0148]    67.9%    0.0200         0.0077 p 68
     stage A+B    0.0038 [0.0007,0.0075]    82.1%    0.0145                none
stage A+B, K=10    0.0033 [0.0006,0.0070]    85.7%    0.0145                none
  tie-break = mean regret@3 under RANDOM tie-breaks, and the percentile the
  shipped job-id order sits at within that distribution; p100 means the job-id
  order was worse than every random one, i.e. the row is an artefact of it.
  stage-B pair coverage of each set's own shortlist: 100.0%; 0 of 168 shortlisted runs (0.0%) have NO cached comparison
  at all, so the stage A+B row is that far from being a measurement of stage B.
  oracle over stage A's top K, i.e. the floor a perfect comparator hits at that budget:
    K=3: 0.0081 (68% solved)   K=6: 0.0030 (89% solved)   K=10: 0.0018 (93% solved)   K=20: 0.0000 (100% solved)

  paired vs the arm above it (28 sets in 28 cells; bootstrap and sign test CLUSTERED on the cell; mde = the effect this many cells could find at 80 % power, tb = share of the 200 random tie-break draws in which the sign test still clears 0.05, and the mean effect over those draws)
     agent table - random        -0.1236 [-0.1685,-0.0855]   27-1  p=2.16e-07  mde=0.0602       tb    n/a
     21 features - agent table   +0.0172 [+0.0067,+0.0288]   1-12  p=0.00342  mde=0.0163       tb 52% eff+0.0151
     self-report - 21 features   +0.0884 [+0.0355,+0.1504]   6-19  p=0.0146  mde=0.0831       tb100% eff+0.0805
         stage A - self-report   -0.1045 [-0.1679,-0.0505]   21-3  p=0.000277  mde=0.0842       tb100% eff-0.0969
       stage A+B - stage A       -0.0043 [-0.0100,-0.0004]   5-1  p=0.219  mde=0.0072 <MDE  tb  0% eff-0.0040
    stage A+B, K=10 - stage A+B     -0.0004 [-0.0013,-0.0000]   1-0  p=1  mde=0.0012 <MDE  tb  0% eff-0.0004
  and against agent table:
          random - agent table   +0.1236 [+0.0856,+0.1678]   1-27  p=2.16e-07  mde=0.0602       tb    n/a
     21 features - agent table   +0.0172 [+0.0069,+0.0292]   1-12  p=0.00342  mde=0.0163       tb 52% eff+0.0151
     self-report - agent table   +0.1056 [+0.0556,+0.1623]   0-21  p=9.54e-07  mde=0.0813       tb100% eff+0.0956
         stage A - agent table   +0.0011 [-0.0067,+0.0082]   3-6  p=0.508  mde=0.0110 <MDE  tb  0% eff-0.0014
       stage A+B - agent table   -0.0033 [-0.0094,+0.0008]   4-2  p=0.688  mde=0.0079 <MDE  tb 30% eff-0.0053
    stage A+B, K=10 - agent table   -0.0037 [-0.0099,+0.0002]   4-1  p=0.375  mde=0.0078 <MDE  tb 41% eff-0.0058
  and against random:
     agent table - random        -0.1236 [-0.1671,-0.0843]   27-1  p=2.16e-07  mde=0.0602       tb    n/a
     21 features - random        -0.1065 [-0.1502,-0.0683]   27-1  p=2.16e-07  mde=0.0598       tb    n/a
     self-report - random        -0.0181 [-0.0518,+0.0132]   18-10  p=0.185  mde=0.0468 <MDE  tb    n/a
         stage A - random        -0.1226 [-0.1695,-0.0811]   26-2  p=3.03e-06  mde=0.0653       tb    n/a
       stage A+B - random        -0.1269 [-0.1723,-0.0857]   27-1  p=2.16e-07  mde=0.0641       tb    n/a
    stage A+B, K=10 - random        -0.1273 [-0.1749,-0.0848]   27-1  p=2.16e-07  mde=0.0641       tb    n/a

=== within family: 76 sets in 28 cells, median size 5, median spread 0.129, family table constant on 100% of sets ===
           arm  regret@3           95% CI  solved@3  regret@1           tie-break
        random    0.0271 [0.0179,0.0404]    67.6%    0.1015                 n/a
   agent table    0.0546 [0.0257,0.0935]    53.9%    0.1255         0.0247 p100
   21 features    0.0197 [0.0115,0.0291]    71.1%    0.0630                none
   self-report    0.0092 [0.0040,0.0155]    78.9%    0.0594         0.0098 p  0
       stage A    0.0029 [0.0005,0.0061]    92.1%    0.0265                none
     stage A+B    0.0036 [0.0009,0.0071]    89.5%    0.0213                none
stage A+B, K=10    0.0036 [0.0009,0.0070]    89.5%    0.0213                none
  tie-break = mean regret@3 under RANDOM tie-breaks, and the percentile the
  shipped job-id order sits at within that distribution; p100 means the job-id
  order was worse than every random one, i.e. the row is an artefact of it.
  stage-B pair coverage of each set's own shortlist: 100.0%; 0 of 369 shortlisted runs (0.0%) have NO cached comparison
  at all, so the stage A+B row is that far from being a measurement of stage B.
  oracle over stage A's top K, i.e. the floor a perfect comparator hits at that budget:
    K=3: 0.0029 (92% solved)   K=6: 0.0008 (99% solved)   K=10: 0.0000 (100% solved)   K=20: 0.0000 (100% solved)

  paired vs the arm above it (76 sets in 28 cells; bootstrap and sign test CLUSTERED on the cell; mde = the effect this many cells could find at 80 % power, tb = share of the 200 random tie-break draws in which the sign test still clears 0.05, and the mean effect over those draws)
     agent table - random        +0.0449 [+0.0095,+0.0934]   10-18  p=0.185  mde=0.0636 <MDE  tb    n/a  (by set 40-31 p=0.342)
     21 features - agent table   -0.0622 [-0.1428,-0.0046]   13-10  p=0.678  mde=0.1057 <MDE  tb  2% eff-0.0120  (by set 24-13 p=0.0989)
     self-report - 21 features   -0.0126 [-0.0209,-0.0044]   16-7  p=0.0931  mde=0.0117       tb  0% eff-0.0119  (by set 19-11 p=0.2)
         stage A - self-report   -0.0048 [-0.0103,+0.0003]   13-5  p=0.0963  mde=0.0077 <MDE  tb 73% eff-0.0055  (by set 15-6 p=0.0784)
       stage A+B - stage A       +0.0005 [-0.0013,+0.0023]   2-4  p=0.688  mde=0.0027 <MDE  tb  0% eff+0.0005  (by set 2-4 p=0.688)
    stage A+B, K=10 - stage A+B     -0.0000 [-0.0000,-0.0000]   0-0  p=1  mde=  n/a       tb  0% eff-0.0000  (by set 0-0 p=1)
  and against agent table:
          random - agent table   -0.0449 [-0.0961,-0.0087]   18-10  p=0.185  mde=0.0636 <MDE  tb    n/a  (by set 31-40 p=0.342)
     21 features - agent table   -0.0622 [-0.1485,-0.0039]   13-10  p=0.678  mde=0.1057 <MDE  tb  2% eff-0.0120  (by set 24-13 p=0.0989)
     self-report - agent table   -0.0748 [-0.1540,-0.0176]   20-6  p=0.00936  mde=0.1029 <MDE  tb 17% eff-0.0239  (by set 30-11 p=0.00432)
         stage A - agent table   -0.0796 [-0.1576,-0.0242]   23-2  p=1.94e-05  mde=0.1025 <MDE  tb 94% eff-0.0294  (by set 34-5 p=2.43e-06)
       stage A+B - agent table   -0.0792 [-0.1601,-0.0227]   21-3  p=0.000277  mde=0.1026 <MDE  tb 81% eff-0.0289  (by set 35-7 p=1.51e-05)
    stage A+B, K=10 - agent table   -0.0792 [-0.1608,-0.0234]   21-3  p=0.000277  mde=0.1026 <MDE  tb 81% eff-0.0289  (by set 35-7 p=1.51e-05)
  and against random:
     agent table - random        +0.0449 [+0.0094,+0.0943]   10-18  p=0.185  mde=0.0636 <MDE  tb    n/a  (by set 40-31 p=0.342)
     21 features - random        -0.0173 [-0.0509,+0.0066]   14-14  p=1  mde=0.0441 <MDE  tb    n/a  (by set 49-22 p=0.00182)
     self-report - random        -0.0299 [-0.0634,-0.0079]   22-6  p=0.00372  mde=0.0411 <MDE  tb    n/a  (by set 59-12 p=1.35e-08)
         stage A - random        -0.0347 [-0.0659,-0.0138]   25-3  p=2.74e-05  mde=0.0404 <MDE  tb    n/a  (by set 65-6 p=1.33e-13)
       stage A+B - random        -0.0343 [-0.0661,-0.0134]   24-4  p=0.00018  mde=0.0405 <MDE  tb    n/a  (by set 64-7 p=1.26e-12)
    stage A+B, K=10 - random        -0.0343 [-0.0677,-0.0130]   24-4  p=0.00018  mde=0.0405 <MDE  tb    n/a  (by set 64-7 p=1.26e-12)

=== within scaffold: 84 sets in 28 cells, median size 13, median spread 0.338, family table constant on 0% of sets ===
           arm  regret@3           95% CI  solved@3  regret@1           tie-break
        random    0.0768 [0.0633,0.0912]    29.8%    0.1881                 n/a
   agent table    0.0142 [0.0077,0.0218]    73.8%    0.0664         0.0150 p 22
   21 features    0.0234 [0.0151,0.0330]    57.1%    0.0635                none
   self-report    0.0396 [0.0246,0.0570]    53.6%    0.1230         0.0413 p 46
       stage A    0.0069 [0.0030,0.0122]    76.2%    0.0359                none
     stage A+B    0.0047 [0.0026,0.0071]    79.8%    0.0208                none
stage A+B, K=10    0.0048 [0.0027,0.0071]    79.8%    0.0208                none
  tie-break = mean regret@3 under RANDOM tie-breaks, and the percentile the
  shipped job-id order sits at within that distribution; p100 means the job-id
  order was worse than every random one, i.e. the row is an artefact of it.
  stage-B pair coverage of each set's own shortlist: 100.0%; 0 of 496 shortlisted runs (0.0%) have NO cached comparison
  at all, so the stage A+B row is that far from being a measurement of stage B.
  oracle over stage A's top K, i.e. the floor a perfect comparator hits at that budget:
    K=3: 0.0069 (76% solved)   K=6: 0.0017 (93% solved)   K=10: 0.0001 (99% solved)   K=20: 0.0000 (100% solved)

  paired vs the arm above it (84 sets in 28 cells; bootstrap and sign test CLUSTERED on the cell; mde = the effect this many cells could find at 80 % power, tb = share of the 200 random tie-break draws in which the sign test still clears 0.05, and the mean effect over those draws)
     agent table - random        -0.0626 [-0.0795,-0.0466]   26-2  p=3.03e-06  mde=0.0236       tb    n/a  (by set 73-11 p=2.25e-12)
     21 features - agent table   +0.0092 [+0.0006,+0.0183]   8-17  p=0.108  mde=0.0130 <MDE  tb 38% eff+0.0084  (by set 10-27 p=0.00763)
     self-report - 21 features   +0.0162 [-0.0019,+0.0360]   9-17  p=0.169  mde=0.0268 <MDE  tb 14% eff+0.0179  (by set 18-27 p=0.233)
         stage A - self-report   -0.0327 [-0.0515,-0.0176]   21-2  p=6.6e-05  mde=0.0249       tb100% eff-0.0344  (by set 33-6 p=1.43e-05)
       stage A+B - stage A       -0.0022 [-0.0076,+0.0014]   6-4  p=0.754  mde=0.0066 <MDE  tb  0% eff-0.0022  (by set 6-4 p=0.754)
    stage A+B, K=10 - stage A+B     +0.0001 [-0.0004,+0.0005]   1-2  p=1  mde=0.0006 <MDE  tb  0% eff+0.0001  (by set 1-3 p=0.625)
  and against agent table:
          random - agent table   +0.0626 [+0.0474,+0.0792]   2-26  p=3.03e-06  mde=0.0236       tb    n/a  (by set 11-73 p=2.25e-12)
     21 features - agent table   +0.0092 [+0.0006,+0.0182]   8-17  p=0.108  mde=0.0130 <MDE  tb 38% eff+0.0084  (by set 10-27 p=0.00763)
     self-report - agent table   +0.0254 [+0.0112,+0.0441]   8-19  p=0.0522  mde=0.0237       tb 54% eff+0.0263  (by set 13-34 p=0.00309)
         stage A - agent table   -0.0073 [-0.0133,-0.0019]   13-6  p=0.167  mde=0.0085 <MDE  tb 24% eff-0.0081  (by set 14-11 p=0.69)
       stage A+B - agent table   -0.0095 [-0.0170,-0.0033]   13-5  p=0.0963  mde=0.0103 <MDE  tb 78% eff-0.0103  (by set 14-7 p=0.189)
    stage A+B, K=10 - agent table   -0.0094 [-0.0173,-0.0031]   12-5  p=0.143  mde=0.0102 <MDE  tb 76% eff-0.0102  (by set 13-8 p=0.383)
  and against random:
     agent table - random        -0.0626 [-0.0798,-0.0464]   26-2  p=3.03e-06  mde=0.0236       tb    n/a  (by set 73-11 p=2.25e-12)
     21 features - random        -0.0534 [-0.0703,-0.0382]   25-3  p=2.74e-05  mde=0.0232       tb    n/a  (by set 68-16 p=8.54e-09)
     self-report - random        -0.0372 [-0.0538,-0.0218]   22-6  p=0.00372  mde=0.0229       tb    n/a  (by set 57-27 p=0.0014)
         stage A - random        -0.0699 [-0.0881,-0.0525]   28-0  p=7.45e-09  mde=0.0257       tb    n/a  (by set 78-6 p=4.54e-17)
       stage A+B - random        -0.0721 [-0.0909,-0.0545]   28-0  p=7.45e-09  mde=0.0265       tb    n/a  (by set 77-7 p=5.14e-16)
    stage A+B, K=10 - random        -0.0720 [-0.0909,-0.0548]   28-0  p=7.45e-09  mde=0.0267       tb    n/a  (by set 75-9 p=4.31e-14)

=== the same question with the winner's family made ambiguous ===
    (full cells, restricted to the runs whose family also produced a below-median run in that cell)
    24 cells qualify
           arm  regret@3   solved
        random    0.0820   26.2%
   agent table    0.0265   54.2%
   21 features    0.0343   50.0%
   self-report    0.0574   29.2%
       stage A    0.0135   75.0%

=== leak control: the regex re-run on the text stage A actually saw ===
  runs with a quotable score: 1003/1175 raw, 290 after redaction
  full cell (28 sets)
     self-report, raw text  0.1126
     self-report, redacted  0.0622
        stage A (redacted)  0.0081
                    random  0.1307
  within family (76 sets)
     self-report, raw text  0.0092
     self-report, redacted  0.0519
        stage A (redacted)  0.0029
                    random  0.0271
  within scaffold (84 sets)
     self-report, raw text  0.0396
     self-report, redacted  0.0509
        stage A (redacted)  0.0069
                    random  0.0768

=== run-id ablation: the same pass with the job number removed ===
  full cell (28 sets in 28 cells)
                    random  0.1307
     newest three (job id)  0.0461
       stage A, id present  0.0081
       stage A, id removed  0.0077
    keeps 100% of stage A's gain over random [95% CI 100%, 102%]; removing the id costs -0.0004, 1-1 cells, p=1
  within family (76 sets in 28 cells)
                    random  0.0271
     newest three (job id)  0.0102
       stage A, id present  0.0029
       stage A, id removed  0.0029
    keeps 100% of stage A's gain over random [95% CI 100%, 100%]; removing the id costs +0.0000, 0-0 cells, p=1
  within scaffold (84 sets in 28 cells)
                    random  0.0768
     newest three (job id)  0.0262
       stage A, id present  0.0069
       stage A, id removed  0.0082
    keeps 98% of stage A's gain over random [95% CI 95%, 100%]; removing the id costs +0.0012, 1-3 cells, p=0.625

=== every cell, full-cell population ===
             benchmark                 base model    n   best  spread   table       A     A+B
                  bfcl         Qwen_Qwen3-4B-Base   28  0.980   0.980  0.0000  0.0000  0.0000
                  bfcl HuggingFaceTB_SmolLM3-3B-B   30  0.980   0.980  0.0000  0.0000  0.0000
                  bfcl       Qwen_Qwen3-1.7B-Base   29  0.960   0.960  0.0000  0.0000  0.0000
      arenahardwriting         Qwen_Qwen3-4B-Base   45  0.862   0.861  0.0000  0.0000  0.0000
                  bfcl       google_gemma-3-4b-pt   29  0.950   0.860  0.0000  0.0000  0.0000
                 gsm8k         Qwen_Qwen3-4B-Base   47  0.912   0.836  0.0000  0.0053  0.0000
                 gsm8k       Qwen_Qwen3-1.7B-Base   47  0.864   0.821  0.0000  0.0000  0.0000
      arenahardwriting       google_gemma-3-4b-pt   44  0.788   0.778  0.0000  0.0000  0.0000
      arenahardwriting       Qwen_Qwen3-1.7B-Base   43  0.757   0.757  0.0273  0.0087  0.0087
                 gsm8k HuggingFaceTB_SmolLM3-3B-B   49  0.861   0.757  0.0000  0.0000  0.0000
             humaneval         Qwen_Qwen3-4B-Base   43  0.854   0.744  0.0122  0.0183  0.0000
                 gsm8k       google_gemma-3-4b-pt   50  0.773   0.743  0.0000  0.0000  0.0000
      arenahardwriting HuggingFaceTB_SmolLM3-3B-B   47  0.740   0.738  0.0749  0.0000  0.0000
             humaneval       Qwen_Qwen3-1.7B-Base   44  0.707   0.707  0.0000  0.0061  0.0122
             humaneval HuggingFaceTB_SmolLM3-3B-B   41  0.659   0.604  0.0000  0.0000  0.0000
           healthbench         Qwen_Qwen3-4B-Base   37  0.567   0.567  0.0000  0.0000  0.0000
             humaneval       google_gemma-3-4b-pt   44  0.561   0.530  0.0000  0.0000  0.0000
           healthbench HuggingFaceTB_SmolLM3-3B-B   35  0.459   0.459  0.0000  0.0000  0.0000
           healthbench       Qwen_Qwen3-1.7B-Base   37  0.381   0.381  0.0000  0.0144  0.0000
           healthbench       google_gemma-3-4b-pt   41  0.478   0.360  0.0000  0.0000  0.0000
              gpqamain HuggingFaceTB_SmolLM3-3B-B   40  0.342   0.342  0.0268  0.0201  0.0201
              gpqamain         Qwen_Qwen3-4B-Base   39  0.397   0.335  0.0000  0.0000  0.0000
              aime2025         Qwen_Qwen3-4B-Base   48  0.300   0.300  0.0000  0.0667  0.0000
              gpqamain       google_gemma-3-4b-pt   45  0.321   0.205  0.0000  0.0000  0.0000
              aime2025 HuggingFaceTB_SmolLM3-3B-B   47  0.200   0.200  0.0000  0.0000  0.0000
              gpqamain       Qwen_Qwen3-1.7B-Base   44  0.339   0.194  0.0223  0.0536  0.0312
              aime2025       Qwen_Qwen3-1.7B-Base   50  0.100   0.100  0.0000  0.0000  0.0000
              aime2025       google_gemma-3-4b-pt   52  0.033   0.033  0.0333  0.0333  0.0333
  1 cells have a spread below 0.10 -- there is almost nothing to win or lose in them; excluding them, stage A is 0.0072, stage A+B is 0.0027 and the agent table is 0.0061
